gcc -O2 -o autism autism.c
Compiler rebuilt: autism
Running tests...
gcc -O2 build/tests/else_if_bool.c -o build/tests/else_if_bool
PASS: else_if_bool
./autism tests/cases/arithmetic_precedence.aut -o build/tests/arithmetic_precedence.c
Compiled tests/cases/arithmetic_precedence.aut -> build/tests/arithmetic_precedence.c
gcc -O2 build/tests/arithmetic_precedence.c -o build/tests/arithmetic_precedence
PASS: arithmetic_precedence
./autism tests/cases/while_break_continue.aut -o build/tests/while_break_continue.c
Compiled tests/cases/while_break_continue.aut -> build/tests/while_break_continue.c
gcc -O2 build/tests/while_break_continue.c -o build/tests/while_break_continue
PASS: while_break_continue
./autism tests/cases/function_return.aut -o build/tests/function_return.c
Compiled tests/cases/function_return.aut -> build/tests/function_return.c
gcc -O2 build/tests/function_return.c -o build/tests/function_return
PASS: function_return
./autism tests/cases/range_native.aut -o build/tests/range_native.c
Compiled tests/cases/range_native.aut -> build/tests/range_native.c
gcc -O2 build/tests/range_native.c -o build/tests/range_native
PASS: range_native
./autism tests/cases/typing_valid.aut -o build/tests/typing_valid.c
Compiled tests/cases/typing_valid.aut -> build/tests/typing_valid.c
gcc -O2 build/tests/typing_valid.c -o build/tests/typing_valid
PASS: typing_valid
./autism tests/cases/pointer_valid.aut -o build/tests/pointer_valid.c
Compiled tests/cases/pointer_valid.aut -> build/tests/pointer_valid.c
gcc -O2 build/tests/pointer_valid.c -o build/tests/pointer_valid
PASS: pointer_valid
./autism tests/cases/unsafe_deref_valid.aut -o build/tests/unsafe_deref_valid.c
Compiled tests/cases/unsafe_deref_valid.aut -> build/tests/unsafe_deref_valid.c
gcc -O2 build/tests/unsafe_deref_valid.c -o build/tests/unsafe_deref_valid
PASS: unsafe_deref_valid
./autism tests/cases/unsafe_void_cast_valid.aut -o build/tests/unsafe_void_cast_valid.c
Compiled tests/cases/unsafe_void_cast_valid.aut -> build/tests/unsafe_void_cast_valid.c
gcc -O2 build/tests/unsafe_void_cast_valid.c -o build/tests/unsafe_void_cast_valid
PASS: unsafe_void_cast_valid
./autism tests/cases/asm_nop_valid.aut -o build/tests/asm_nop_valid.c
Compiled tests/cases/asm_nop_valid.aut -> build/tests/asm_nop_valid.c
gcc -O2 build/tests/asm_nop_valid.c -o build/tests/asm_nop_valid
PASS: asm_nop_valid
./autism tests/cases/volatile_ptr_valid.aut -o build/tests/volatile_ptr_valid.c
Compiled tests/cases/volatile_ptr_valid.aut -> build/tests/volatile_ptr_valid.c
gcc -O2 build/tests/volatile_ptr_valid.c -o build/tests/volatile_ptr_valid
PASS: volatile_ptr_valid
gcc -O2 build/tests/struct_valid.c -o build/tests/struct_valid
PASS: struct_valid
PASS: type_error_add
PASS: comparison_type_error
PASS: typing_invalid_reassign
PASS: typing_invalid_add
PASS: pointer_invalid_deref
PASS: pointer_invalid_assign
PASS: unsafe_deref_outside
PASS: unsafe_void_deref
PASS: asm_non_string
PASS: out_outside_unsafe
PASS: in_outside_unsafe
Test failed: expected TypeError or UnsafeError
Error in 'main': unknown statement: let a: ptr<Unknown>
make[1]: *** [Makefile:56: test-fail-struct_invalid_decl] Error 1
rm build/tests/pointer_valid.c build/tests/volatile_ptr_valid.c build/tests/range_native.c build/tests/arithmetic_precedence.c build/tests/function_return.c build/tests/typing_valid.c build/tests/while_break_continue.c build/tests/unsafe_deref_valid.c build/tests/asm_nop_valid.c build/tests/unsafe_void_cast_valid.c
make: *** [Makefile:34: test] Error 2
